Traceback (most recent call last):
  File "C:\Users\sirip\AppData\Roaming\Python\Python312\site-packages\sqlalchemy\engine\base.py", line 1967, in _exec_single_context
    self.dialect.do_execute(
  File "C:\Users\sirip\AppData\Roaming\Python\Python312\site-packages\sqlalchemy\engine\default.py", line 952, in do_execute
    cursor.execute(statement, parameters)
psycopg2.errors.InvalidTextRepresentation: invalid input syntax for type uuid: "temp-1782321424309"
LINE 3: WHERE water_logs.id = 'temp-1782321424309' AND water_logs.us...
                              ^


The above exception was the direct cause of the following exception:

Traceback (most recent call last):
  File "C:\Users\sirip\AppData\Roaming\Python\Python312\site-packages\starlette\middleware\errors.py", line 165, in __call__
    await self.app(scope, receive, _send)
  File "C:\Users\sirip\AppData\Roaming\Python\Python312\site-packages\starlette\middleware\cors.py", line 93, in __call__
    await self.simple_response(scope, receive, send, request_headers=headers)
  File "C:\Users\sirip\AppData\Roaming\Python\Python312\site-packages\starlette\middleware\cors.py", line 144, in simple_response
    await self.app(scope, receive, send)
  File "C:\Users\sirip\AppData\Roaming\Python\Python312\site-packages\starlette\middleware\exceptions.py", line 62, in __call__
    await wrap_app_handling_exceptions(self.app, conn)(scope, receive, send)
  File "C:\Users\sirip\AppData\Roaming\Python\Python312\site-packages\starlette\_exception_handler.py", line 53, in wrapped_app
    raise exc
  File "C:\Users\sirip\AppData\Roaming\Python\Python312\site-packages\starlette\_exception_handler.py", line 42, in wrapped_app
    await app(scope, receive, sender)
  File "C:\Users\sirip\AppData\Roaming\Python\Python312\site-packages\starlette\routing.py", line 715, in __call__
    await self.middleware_stack(scope, receive, send)
  File "C:\Users\sirip\AppData\Roaming\Python\Python312\site-packages\starlette\routing.py", line 735, in app
    await route.handle(scope, receive, send)
  File "C:\Users\sirip\AppData\Roaming\Python\Python312\site-packages\starlette\routing.py", line 288, in handle
    await self.app(scope, receive, send)
  File "C:\Users\sirip\AppData\Roaming\Python\Python312\site-packages\starlette\routing.py", line 76, in app
    await wrap_app_handling_exceptions(app, request)(scope, receive, send)
  File "C:\Users\sirip\AppData\Roaming\Python\Python312\site-packages\starlette\_exception_handler.py", line 53, in wrapped_app
    raise exc
  File "C:\Users\sirip\AppData\Roaming\Python\Python312\site-packages\starlette\_exception_handler.py", line 42, in wrapped_app
    await app(scope, receive, sender)
  File "C:\Users\sirip\AppData\Roaming\Python\Python312\site-packages\starlette\routing.py", line 73, in app
    response = await f(request)
               ^^^^^^^^^^^^^^^^
  File "C:\Users\sirip\AppData\Roaming\Python\Python312\site-packages\fastapi\routing.py", line 301, in app
    raw_response = await run_endpoint_function(
                   ^^^^^^^^^^^^^^^^^^^^^^^^^^^^
  File "C:\Users\sirip\AppData\Roaming\Python\Python312\site-packages\fastapi\routing.py", line 214, in run_endpoint_function
    return await run_in_threadpool(dependant.call, **values)
           ^^^^^^^^^^^^^^^^^^^^^^^^^^^^^^^^^^^^^^^^^^^^^^^^^
  File "C:\Users\sirip\AppData\Roaming\Python\Python312\site-packages\starlette\concurrency.py", line 39, in run_in_threadpool
    return await anyio.to_thread.run_sync(func, *args)
           ^^^^^^^^^^^^^^^^^^^^^^^^^^^^^^^^^^^^^^^^^^^
  File "C:\Users\sirip\AppData\Roaming\Python\Python312\site-packages\anyio\to_thread.py", line 63, in run_sync
    return await get_async_backend().run_sync_in_worker_thread(
           ^^^^^^^^^^^^^^^^^^^^^^^^^^^^^^^^^^^^^^^^^^^^^^^^^^^^
  File "C:\Users\sirip\AppData\Roaming\Python\Python312\site-packages\anyio\_backends\_asyncio.py", line 2518, in run_sync_in_worker_thread
    return await future
           ^^^^^^^^^^^^
  File "C:\Users\sirip\AppData\Roaming\Python\Python312\site-packages\anyio\_backends\_asyncio.py", line 1002, in run
    result = context.run(func, *args)
             ^^^^^^^^^^^^^^^^^^^^^^^^
  File "C:\Nutri-Smart\nutri-smart-ai-analyzer\backend\routers\logs.py", line 190, in remove_water_log
    ok = delete_water_entry(user_id, entry_id)
         ^^^^^^^^^^^^^^^^^^^^^^^^^^^^^^^^^^^^^
  File "C:\Nutri-Smart\nutri-smart-ai-analyzer\backend\services\storage_service.py", line 484, in delete_water_entry
    entry = db.query(models.WaterLog).filter(models.WaterLog.id == entry_id, models.WaterLog.user_id == user_id).first()
            ^^^^^^^^^^^^^^^^^^^^^^^^^^^^^^^^^^^^^^^^^^^^^^^^^^^^^^^^^^^^^^^^^^^^^^^^^^^^^^^^^^^^^^^^^^^^^^^^^^^^^^^^^^^^
  File "C:\Users\sirip\AppData\Roaming\Python\Python312\site-packages\sqlalchemy\orm\query.py", line 2766, in first
    return self.limit(1)._iter().first()  # type: ignore
           ^^^^^^^^^^^^^^^^^^^^^
  File "C:\Users\sirip\AppData\Roaming\Python\Python312\site-packages\sqlalchemy\orm\query.py", line 2864, in _iter
    result: Union[ScalarResult[_T], Result[_T]] = self.session.execute(
                                                  ^^^^^^^^^^^^^^^^^^^^^
  File "C:\Users\sirip\AppData\Roaming\Python\Python312\site-packages\sqlalchemy\orm\session.py", line 2351, in execute
    return self._execute_internal(
           ^^^^^^^^^^^^^^^^^^^^^^^
  File "C:\Users\sirip\AppData\Roaming\Python\Python312\site-packages\sqlalchemy\orm\session.py", line 2249, in _execute_internal
    result: Result[Any] = compile_state_cls.orm_execute_statement(
                          ^^^^^^^^^^^^^^^^^^^^^^^^^^^^^^^^^^^^^^^^
  File "C:\Users\sirip\AppData\Roaming\Python\Python312\site-packages\sqlalchemy\orm\context.py", line 306, in orm_execute_statement
    result = conn.execute(
             ^^^^^^^^^^^^^
  File "C:\Users\sirip\AppData\Roaming\Python\Python312\site-packages\sqlalchemy\engine\base.py", line 1419, in execute
    return meth(
           ^^^^^
  File "C:\Users\sirip\AppData\Roaming\Python\Python312\site-packages\sqlalchemy\sql\elements.py", line 527, in _execute_on_connection
    return connection._execute_clauseelement(
           ^^^^^^^^^^^^^^^^^^^^^^^^^^^^^^^^^^
  File "C:\Users\sirip\AppData\Roaming\Python\Python312\site-packages\sqlalchemy\engine\base.py", line 1641, in _execute_clauseelement
    ret = self._execute_context(
          ^^^^^^^^^^^^^^^^^^^^^^
  File "C:\Users\sirip\AppData\Roaming\Python\Python312\site-packages\sqlalchemy\engine\base.py", line 1846, in _execute_context
    return self._exec_single_context(
           ^^^^^^^^^^^^^^^^^^^^^^^^^^
  File "C:\Users\sirip\AppData\Roaming\Python\Python312\site-packages\sqlalchemy\engine\base.py", line 1986, in _exec_single_context
    self._handle_dbapi_exception(
  File "C:\Users\sirip\AppData\Roaming\Python\Python312\site-packages\sqlalchemy\engine\base.py", line 2363, in _handle_dbapi_exception
    raise sqlalchemy_exception.with_traceback(exc_info[2]) from e
  File "C:\Users\sirip\AppData\Roaming\Python\Python312\site-packages\sqlalchemy\engine\base.py", line 1967, in _exec_single_context
    self.dialect.do_execute(
  File "C:\Users\sirip\AppData\Roaming\Python\Python312\site-packages\sqlalchemy\engine\default.py", line 952, in do_execute
    cursor.execute(statement, parameters)
sqlalchemy.exc.DataError: (psycopg2.errors.InvalidTextRepresentation) invalid input syntax for type uuid: "temp-1782321424309"
LINE 3: WHERE water_logs.id = 'temp-1782321424309' AND water_logs.us...
                              ^

[SQL: SELECT water_logs.id AS water_logs_id, water_logs.user_id AS water_logs_user_id, water_logs.amount AS water_logs_amount, water_logs.date AS water_logs_date, water_logs.created_at AS water_logs_created_at 
FROM water_logs 
WHERE water_logs.id = %(id_1)s AND water_logs.user_id = %(user_id_1)s 
 LIMIT %(param_1)s]
[parameters: {'id_1': 'temp-1782321424309', 'user_id_1': '5ea06c6e-34f3-4165-8fb8-a4a375707afa', 'param_1': 1}]
(Background on this error at: https://sqlalche.me/e/20/9h9h)


Traceback (most recent call last):
  File "C:\Users\sirip\AppData\Roaming\Python\Python312\site-packages\sqlalchemy\engine\base.py", line 1967, in _exec_single_context
    self.dialect.do_execute(
  File "C:\Users\sirip\AppData\Roaming\Python\Python312\site-packages\sqlalchemy\engine\default.py", line 952, in do_execute
    cursor.execute(statement, parameters)
psycopg2.errors.InvalidTextRepresentation: invalid input syntax for type uuid: "temp-1782321435279"
LINE 3: WHERE water_logs.id = 'temp-1782321435279' AND water_logs.us...
                              ^


The above exception was the direct cause of the following exception:

Traceback (most recent call last):
  File "C:\Users\sirip\AppData\Roaming\Python\Python312\site-packages\starlette\middleware\errors.py", line 165, in __call__
    await self.app(scope, receive, _send)
  File "C:\Users\sirip\AppData\Roaming\Python\Python312\site-packages\starlette\middleware\cors.py", line 93, in __call__
    await self.simple_response(scope, receive, send, request_headers=headers)
  File "C:\Users\sirip\AppData\Roaming\Python\Python312\site-packages\starlette\middleware\cors.py", line 144, in simple_response
    await self.app(scope, receive, send)
  File "C:\Users\sirip\AppData\Roaming\Python\Python312\site-packages\starlette\middleware\exceptions.py", line 62, in __call__
    await wrap_app_handling_exceptions(self.app, conn)(scope, receive, send)
  File "C:\Users\sirip\AppData\Roaming\Python\Python312\site-packages\starlette\_exception_handler.py", line 53, in wrapped_app
    raise exc
  File "C:\Users\sirip\AppData\Roaming\Python\Python312\site-packages\starlette\_exception_handler.py", line 42, in wrapped_app
    await app(scope, receive, sender)
  File "C:\Users\sirip\AppData\Roaming\Python\Python312\site-packages\starlette\routing.py", line 715, in __call__
    await self.middleware_stack(scope, receive, send)
  File "C:\Users\sirip\AppData\Roaming\Python\Python312\site-packages\starlette\routing.py", line 735, in app
    await route.handle(scope, receive, send)
  File "C:\Users\sirip\AppData\Roaming\Python\Python312\site-packages\starlette\routing.py", line 288, in handle
    await self.app(scope, receive, send)
  File "C:\Users\sirip\AppData\Roaming\Python\Python312\site-packages\starlette\routing.py", line 76, in app
    await wrap_app_handling_exceptions(app, request)(scope, receive, send)
  File "C:\Users\sirip\AppData\Roaming\Python\Python312\site-packages\starlette\_exception_handler.py", line 53, in wrapped_app
    raise exc
  File "C:\Users\sirip\AppData\Roaming\Python\Python312\site-packages\starlette\_exception_handler.py", line 42, in wrapped_app
    await app(scope, receive, sender)
  File "C:\Users\sirip\AppData\Roaming\Python\Python312\site-packages\starlette\routing.py", line 73, in app
    response = await f(request)
               ^^^^^^^^^^^^^^^^
  File "C:\Users\sirip\AppData\Roaming\Python\Python312\site-packages\fastapi\routing.py", line 301, in app
    raw_response = await run_endpoint_function(
                   ^^^^^^^^^^^^^^^^^^^^^^^^^^^^
  File "C:\Users\sirip\AppData\Roaming\Python\Python312\site-packages\fastapi\routing.py", line 214, in run_endpoint_function
    return await run_in_threadpool(dependant.call, **values)
           ^^^^^^^^^^^^^^^^^^^^^^^^^^^^^^^^^^^^^^^^^^^^^^^^^
  File "C:\Users\sirip\AppData\Roaming\Python\Python312\site-packages\starlette\concurrency.py", line 39, in run_in_threadpool
    return await anyio.to_thread.run_sync(func, *args)
           ^^^^^^^^^^^^^^^^^^^^^^^^^^^^^^^^^^^^^^^^^^^
  File "C:\Users\sirip\AppData\Roaming\Python\Python312\site-packages\anyio\to_thread.py", line 63, in run_sync
    return await get_async_backend().run_sync_in_worker_thread(
           ^^^^^^^^^^^^^^^^^^^^^^^^^^^^^^^^^^^^^^^^^^^^^^^^^^^^
  File "C:\Users\sirip\AppData\Roaming\Python\Python312\site-packages\anyio\_backends\_asyncio.py", line 2518, in run_sync_in_worker_thread
    return await future
           ^^^^^^^^^^^^
  File "C:\Users\sirip\AppData\Roaming\Python\Python312\site-packages\anyio\_backends\_asyncio.py", line 1002, in run
    result = context.run(func, *args)
             ^^^^^^^^^^^^^^^^^^^^^^^^
  File "C:\Nutri-Smart\nutri-smart-ai-analyzer\backend\routers\logs.py", line 190, in remove_water_log
    ok = delete_water_entry(user_id, entry_id)
         ^^^^^^^^^^^^^^^^^^^^^^^^^^^^^^^^^^^^^
  File "C:\Nutri-Smart\nutri-smart-ai-analyzer\backend\services\storage_service.py", line 484, in delete_water_entry
    entry = db.query(models.WaterLog).filter(models.WaterLog.id == entry_id, models.WaterLog.user_id == user_id).first()
            ^^^^^^^^^^^^^^^^^^^^^^^^^^^^^^^^^^^^^^^^^^^^^^^^^^^^^^^^^^^^^^^^^^^^^^^^^^^^^^^^^^^^^^^^^^^^^^^^^^^^^^^^^^^^
  File "C:\Users\sirip\AppData\Roaming\Python\Python312\site-packages\sqlalchemy\orm\query.py", line 2766, in first
    return self.limit(1)._iter().first()  # type: ignore
           ^^^^^^^^^^^^^^^^^^^^^
  File "C:\Users\sirip\AppData\Roaming\Python\Python312\site-packages\sqlalchemy\orm\query.py", line 2864, in _iter
    result: Union[ScalarResult[_T], Result[_T]] = self.session.execute(
                                                  ^^^^^^^^^^^^^^^^^^^^^
  File "C:\Users\sirip\AppData\Roaming\Python\Python312\site-packages\sqlalchemy\orm\session.py", line 2351, in execute
    return self._execute_internal(
           ^^^^^^^^^^^^^^^^^^^^^^^
  File "C:\Users\sirip\AppData\Roaming\Python\Python312\site-packages\sqlalchemy\orm\session.py", line 2249, in _execute_internal
    result: Result[Any] = compile_state_cls.orm_execute_statement(
                          ^^^^^^^^^^^^^^^^^^^^^^^^^^^^^^^^^^^^^^^^
  File "C:\Users\sirip\AppData\Roaming\Python\Python312\site-packages\sqlalchemy\orm\context.py", line 306, in orm_execute_statement
    result = conn.execute(
             ^^^^^^^^^^^^^
  File "C:\Users\sirip\AppData\Roaming\Python\Python312\site-packages\sqlalchemy\engine\base.py", line 1419, in execute
    return meth(
           ^^^^^
  File "C:\Users\sirip\AppData\Roaming\Python\Python312\site-packages\sqlalchemy\sql\elements.py", line 527, in _execute_on_connection
    return connection._execute_clauseelement(
           ^^^^^^^^^^^^^^^^^^^^^^^^^^^^^^^^^^
  File "C:\Users\sirip\AppData\Roaming\Python\Python312\site-packages\sqlalchemy\engine\base.py", line 1641, in _execute_clauseelement
    ret = self._execute_context(
          ^^^^^^^^^^^^^^^^^^^^^^
  File "C:\Users\sirip\AppData\Roaming\Python\Python312\site-packages\sqlalchemy\engine\base.py", line 1846, in _execute_context
    return self._exec_single_context(
           ^^^^^^^^^^^^^^^^^^^^^^^^^^
  File "C:\Users\sirip\AppData\Roaming\Python\Python312\site-packages\sqlalchemy\engine\base.py", line 1986, in _exec_single_context
    self._handle_dbapi_exception(
  File "C:\Users\sirip\AppData\Roaming\Python\Python312\site-packages\sqlalchemy\engine\base.py", line 2363, in _handle_dbapi_exception
    raise sqlalchemy_exception.with_traceback(exc_info[2]) from e
  File "C:\Users\sirip\AppData\Roaming\Python\Python312\site-packages\sqlalchemy\engine\base.py", line 1967, in _exec_single_context
    self.dialect.do_execute(
  File "C:\Users\sirip\AppData\Roaming\Python\Python312\site-packages\sqlalchemy\engine\default.py", line 952, in do_execute
    cursor.execute(statement, parameters)
sqlalchemy.exc.DataError: (psycopg2.errors.InvalidTextRepresentation) invalid input syntax for type uuid: "temp-1782321435279"
LINE 3: WHERE water_logs.id = 'temp-1782321435279' AND water_logs.us...
                              ^

[SQL: SELECT water_logs.id AS water_logs_id, water_logs.user_id AS water_logs_user_id, water_logs.amount AS water_logs_amount, water_logs.date AS water_logs_date, water_logs.created_at AS water_logs_created_at 
FROM water_logs 
WHERE water_logs.id = %(id_1)s AND water_logs.user_id = %(user_id_1)s 
 LIMIT %(param_1)s]
[parameters: {'id_1': 'temp-1782321435279', 'user_id_1': '5ea06c6e-34f3-4165-8fb8-a4a375707afa', 'param_1': 1}]
(Background on this error at: https://sqlalche.me/e/20/9h9h)


Traceback (most recent call last):
  File "C:\Users\sirip\AppData\Roaming\Python\Python312\site-packages\sqlalchemy\engine\base.py", line 1967, in _exec_single_context
    self.dialect.do_execute(
  File "C:\Users\sirip\AppData\Roaming\Python\Python312\site-packages\sqlalchemy\engine\default.py", line 952, in do_execute
    cursor.execute(statement, parameters)
psycopg2.errors.InvalidTextRepresentation: invalid input syntax for type uuid: "temp-1782321435429"
LINE 3: WHERE water_logs.id = 'temp-1782321435429' AND water_logs.us...
                              ^


The above exception was the direct cause of the following exception:

Traceback (most recent call last):
  File "C:\Users\sirip\AppData\Roaming\Python\Python312\site-packages\starlette\middleware\errors.py", line 165, in __call__
    await self.app(scope, receive, _send)
  File "C:\Users\sirip\AppData\Roaming\Python\Python312\site-packages\starlette\middleware\cors.py", line 93, in __call__
    await self.simple_response(scope, receive, send, request_headers=headers)
  File "C:\Users\sirip\AppData\Roaming\Python\Python312\site-packages\starlette\middleware\cors.py", line 144, in simple_response
    await self.app(scope, receive, send)
  File "C:\Users\sirip\AppData\Roaming\Python\Python312\site-packages\starlette\middleware\exceptions.py", line 62, in __call__
    await wrap_app_handling_exceptions(self.app, conn)(scope, receive, send)
  File "C:\Users\sirip\AppData\Roaming\Python\Python312\site-packages\starlette\_exception_handler.py", line 53, in wrapped_app
    raise exc
  File "C:\Users\sirip\AppData\Roaming\Python\Python312\site-packages\starlette\_exception_handler.py", line 42, in wrapped_app
    await app(scope, receive, sender)
  File "C:\Users\sirip\AppData\Roaming\Python\Python312\site-packages\starlette\routing.py", line 715, in __call__
    await self.middleware_stack(scope, receive, send)
  File "C:\Users\sirip\AppData\Roaming\Python\Python312\site-packages\starlette\routing.py", line 735, in app
    await route.handle(scope, receive, send)
  File "C:\Users\sirip\AppData\Roaming\Python\Python312\site-packages\starlette\routing.py", line 288, in handle
    await self.app(scope, receive, send)
  File "C:\Users\sirip\AppData\Roaming\Python\Python312\site-packages\starlette\routing.py", line 76, in app
    await wrap_app_handling_exceptions(app, request)(scope, receive, send)
  File "C:\Users\sirip\AppData\Roaming\Python\Python312\site-packages\starlette\_exception_handler.py", line 53, in wrapped_app
    raise exc
  File "C:\Users\sirip\AppData\Roaming\Python\Python312\site-packages\starlette\_exception_handler.py", line 42, in wrapped_app
    await app(scope, receive, sender)
  File "C:\Users\sirip\AppData\Roaming\Python\Python312\site-packages\starlette\routing.py", line 73, in app
    response = await f(request)
               ^^^^^^^^^^^^^^^^
  File "C:\Users\sirip\AppData\Roaming\Python\Python312\site-packages\fastapi\routing.py", line 301, in app
    raw_response = await run_endpoint_function(
                   ^^^^^^^^^^^^^^^^^^^^^^^^^^^^
  File "C:\Users\sirip\AppData\Roaming\Python\Python312\site-packages\fastapi\routing.py", line 214, in run_endpoint_function
    return await run_in_threadpool(dependant.call, **values)
           ^^^^^^^^^^^^^^^^^^^^^^^^^^^^^^^^^^^^^^^^^^^^^^^^^
  File "C:\Users\sirip\AppData\Roaming\Python\Python312\site-packages\starlette\concurrency.py", line 39, in run_in_threadpool
    return await anyio.to_thread.run_sync(func, *args)
           ^^^^^^^^^^^^^^^^^^^^^^^^^^^^^^^^^^^^^^^^^^^
  File "C:\Users\sirip\AppData\Roaming\Python\Python312\site-packages\anyio\to_thread.py", line 63, in run_sync
    return await get_async_backend().run_sync_in_worker_thread(
           ^^^^^^^^^^^^^^^^^^^^^^^^^^^^^^^^^^^^^^^^^^^^^^^^^^^^
  File "C:\Users\sirip\AppData\Roaming\Python\Python312\site-packages\anyio\_backends\_asyncio.py", line 2518, in run_sync_in_worker_thread
    return await future
           ^^^^^^^^^^^^
  File "C:\Users\sirip\AppData\Roaming\Python\Python312\site-packages\anyio\_backends\_asyncio.py", line 1002, in run
    result = context.run(func, *args)
             ^^^^^^^^^^^^^^^^^^^^^^^^
  File "C:\Nutri-Smart\nutri-smart-ai-analyzer\backend\routers\logs.py", line 190, in remove_water_log
    ok = delete_water_entry(user_id, entry_id)
         ^^^^^^^^^^^^^^^^^^^^^^^^^^^^^^^^^^^^^
  File "C:\Nutri-Smart\nutri-smart-ai-analyzer\backend\services\storage_service.py", line 484, in delete_water_entry
    entry = db.query(models.WaterLog).filter(models.WaterLog.id == entry_id, models.WaterLog.user_id == user_id).first()
            ^^^^^^^^^^^^^^^^^^^^^^^^^^^^^^^^^^^^^^^^^^^^^^^^^^^^^^^^^^^^^^^^^^^^^^^^^^^^^^^^^^^^^^^^^^^^^^^^^^^^^^^^^^^^
  File "C:\Users\sirip\AppData\Roaming\Python\Python312\site-packages\sqlalchemy\orm\query.py", line 2766, in first
    return self.limit(1)._iter().first()  # type: ignore
           ^^^^^^^^^^^^^^^^^^^^^
  File "C:\Users\sirip\AppData\Roaming\Python\Python312\site-packages\sqlalchemy\orm\query.py", line 2864, in _iter
    result: Union[ScalarResult[_T], Result[_T]] = self.session.execute(
                                                  ^^^^^^^^^^^^^^^^^^^^^
  File "C:\Users\sirip\AppData\Roaming\Python\Python312\site-packages\sqlalchemy\orm\session.py", line 2351, in execute
    return self._execute_internal(
           ^^^^^^^^^^^^^^^^^^^^^^^
  File "C:\Users\sirip\AppData\Roaming\Python\Python312\site-packages\sqlalchemy\orm\session.py", line 2249, in _execute_internal
    result: Result[Any] = compile_state_cls.orm_execute_statement(
                          ^^^^^^^^^^^^^^^^^^^^^^^^^^^^^^^^^^^^^^^^
  File "C:\Users\sirip\AppData\Roaming\Python\Python312\site-packages\sqlalchemy\orm\context.py", line 306, in orm_execute_statement
    result = conn.execute(
             ^^^^^^^^^^^^^
  File "C:\Users\sirip\AppData\Roaming\Python\Python312\site-packages\sqlalchemy\engine\base.py", line 1419, in execute
    return meth(
           ^^^^^
  File "C:\Users\sirip\AppData\Roaming\Python\Python312\site-packages\sqlalchemy\sql\elements.py", line 527, in _execute_on_connection
    return connection._execute_clauseelement(
           ^^^^^^^^^^^^^^^^^^^^^^^^^^^^^^^^^^
  File "C:\Users\sirip\AppData\Roaming\Python\Python312\site-packages\sqlalchemy\engine\base.py", line 1641, in _execute_clauseelement
    ret = self._execute_context(
          ^^^^^^^^^^^^^^^^^^^^^^
  File "C:\Users\sirip\AppData\Roaming\Python\Python312\site-packages\sqlalchemy\engine\base.py", line 1846, in _execute_context
    return self._exec_single_context(
           ^^^^^^^^^^^^^^^^^^^^^^^^^^
  File "C:\Users\sirip\AppData\Roaming\Python\Python312\site-packages\sqlalchemy\engine\base.py", line 1986, in _exec_single_context
    self._handle_dbapi_exception(
  File "C:\Users\sirip\AppData\Roaming\Python\Python312\site-packages\sqlalchemy\engine\base.py", line 2363, in _handle_dbapi_exception
    raise sqlalchemy_exception.with_traceback(exc_info[2]) from e
  File "C:\Users\sirip\AppData\Roaming\Python\Python312\site-packages\sqlalchemy\engine\base.py", line 1967, in _exec_single_context
    self.dialect.do_execute(
  File "C:\Users\sirip\AppData\Roaming\Python\Python312\site-packages\sqlalchemy\engine\default.py", line 952, in do_execute
    cursor.execute(statement, parameters)
sqlalchemy.exc.DataError: (psycopg2.errors.InvalidTextRepresentation) invalid input syntax for type uuid: "temp-1782321435429"
LINE 3: WHERE water_logs.id = 'temp-1782321435429' AND water_logs.us...
                              ^

[SQL: SELECT water_logs.id AS water_logs_id, water_logs.user_id AS water_logs_user_id, water_logs.amount AS water_logs_amount, water_logs.date AS water_logs_date, water_logs.created_at AS water_logs_created_at 
FROM water_logs 
WHERE water_logs.id = %(id_1)s AND water_logs.user_id = %(user_id_1)s 
 LIMIT %(param_1)s]
[parameters: {'id_1': 'temp-1782321435429', 'user_id_1': '5ea06c6e-34f3-4165-8fb8-a4a375707afa', 'param_1': 1}]
(Background on this error at: https://sqlalche.me/e/20/9h9h)


